Archive member included because of file (symbol)

c:/program files/winavr/bin/../lib/gcc/avr/4.3.0/avr5\libgcc.a(_exit.o)
                              c:/program files/winavr/bin/../lib/gcc/avr/4.3.0/../../../../avr/lib/avr5/crtm32.o (exit)
c:/program files/winavr/bin/../lib/gcc/avr/4.3.0/avr5\libgcc.a(_copy_data.o)
                              SMS_Guard.o (__do_copy_data)
c:/program files/winavr/bin/../lib/gcc/avr/4.3.0/avr5\libgcc.a(_clear_bss.o)
                              SMS_Guard.o (__do_clear_bss)
c:/program files/winavr/bin/../lib/gcc/avr/4.3.0/../../../../avr/lib/avr5\libc.a(memcpy.o)
                              sim900.o (memcpy)
c:/program files/winavr/bin/../lib/gcc/avr/4.3.0/../../../../avr/lib/avr5\libc.a(memset.o)
                              sim900.o (memset)
c:/program files/winavr/bin/../lib/gcc/avr/4.3.0/../../../../avr/lib/avr5\libc.a(strcat.o)
                              sim900.o (strcat)

Allocating common symbols
Common symbol       size              file

command_in          0x1e              sim900.o
data_in             0x1e              sim900.o
data_out            0x1e              sim900.o
status              0x1               SMS_Guard.o

Memory Configuration

Name             Origin             Length             Attributes
text             0x00000000         0x00020000         xr
data             0x00800060         0x0000ffa0         rw !x
eeprom           0x00810000         0x00010000         rw !x
fuse             0x00820000         0x00000400         rw !x
lock             0x00830000         0x00000400         rw !x
signature        0x00840000         0x00000400         rw !x
*default*        0x00000000         0xffffffff

Linker script and memory map

LOAD c:/program files/winavr/bin/../lib/gcc/avr/4.3.0/../../../../avr/lib/avr5/crtm32.o
LOAD SMS_Guard.o
LOAD uart.o
LOAD sim900.o
LOAD c:/program files/winavr/bin/../lib/gcc/avr/4.3.0/avr5\libgcc.a
LOAD c:/program files/winavr/bin/../lib/gcc/avr/4.3.0/../../../../avr/lib/avr5\libc.a
LOAD c:/program files/winavr/bin/../lib/gcc/avr/4.3.0/avr5\libgcc.a

.hash
 *(.hash)

.dynsym
 *(.dynsym)

.dynstr
 *(.dynstr)

.gnu.version
 *(.gnu.version)

.gnu.version_d
 *(.gnu.version_d)

.gnu.version_r
 *(.gnu.version_r)

.rel.init
 *(.rel.init)

.rela.init
 *(.rela.init)

.rel.text
 *(.rel.text)
 *(.rel.text.*)
 *(.rel.gnu.linkonce.t*)

.rela.text
 *(.rela.text)
 *(.rela.text.*)
 *(.rela.gnu.linkonce.t*)

.rel.fini
 *(.rel.fini)

.rela.fini
 *(.rela.fini)

.rel.rodata
 *(.rel.rodata)
 *(.rel.rodata.*)
 *(.rel.gnu.linkonce.r*)

.rela.rodata
 *(.rela.rodata)
 *(.rela.rodata.*)
 *(.rela.gnu.linkonce.r*)

.rel.data
 *(.rel.data)
 *(.rel.data.*)
 *(.rel.gnu.linkonce.d*)

.rela.data
 *(.rela.data)
 *(.rela.data.*)
 *(.rela.gnu.linkonce.d*)

.rel.ctors
 *(.rel.ctors)

.rela.ctors
 *(.rela.ctors)

.rel.dtors
 *(.rel.dtors)

.rela.dtors
 *(.rela.dtors)

.rel.got
 *(.rel.got)

.rela.got
 *(.rela.got)

.rel.bss
 *(.rel.bss)

.rela.bss
 *(.rela.bss)

.rel.plt
 *(.rel.plt)

.rela.plt
 *(.rela.plt)

.text           0x00000000      0x638
 *(.vectors)
 .vectors       0x00000000       0x54 c:/program files/winavr/bin/../lib/gcc/avr/4.3.0/../../../../avr/lib/avr5/crtm32.o
                0x00000000                __vectors
                0x00000000                __vector_default
 *(.vectors)
 *(.progmem.gcc*)
 *(.progmem*)
                0x00000054                . = ALIGN (0x2)
                0x00000054                __trampolines_start = .
 *(.trampolines)
 .trampolines   0x00000054        0x0 linker stubs
 *(.trampolines*)
                0x00000054                __trampolines_end = .
 *(.jumptables)
 *(.jumptables*)
 *(.lowtext)
 *(.lowtext*)
                0x00000054                __ctors_start = .
 *(.ctors)
                0x00000054                __ctors_end = .
                0x00000054                __dtors_start = .
 *(.dtors)
                0x00000054                __dtors_end = .
 SORT(*)(.ctors)
 SORT(*)(.dtors)
 *(.init0)
 .init0         0x00000054        0x0 c:/program files/winavr/bin/../lib/gcc/avr/4.3.0/../../../../avr/lib/avr5/crtm32.o
                0x00000054                __init
 *(.init0)
 *(.init1)
 *(.init1)
 *(.init2)
 .init2         0x00000054        0xc c:/program files/winavr/bin/../lib/gcc/avr/4.3.0/../../../../avr/lib/avr5/crtm32.o
 *(.init2)
 *(.init3)
 *(.init3)
 *(.init4)
 .init4         0x00000060       0x16 c:/program files/winavr/bin/../lib/gcc/avr/4.3.0/avr5\libgcc.a(_copy_data.o)
                0x00000060                __do_copy_data
 .init4         0x00000076       0x10 c:/program files/winavr/bin/../lib/gcc/avr/4.3.0/avr5\libgcc.a(_clear_bss.o)
                0x00000076                __do_clear_bss
 *(.init4)
 *(.init5)
 *(.init5)
 *(.init6)
 *(.init6)
 *(.init7)
 *(.init7)
 *(.init8)
 *(.init8)
 *(.init9)
 .init9         0x00000086        0x8 c:/program files/winavr/bin/../lib/gcc/avr/4.3.0/../../../../avr/lib/avr5/crtm32.o
 *(.init9)
 *(.text)
 .text          0x0000008e        0x4 c:/program files/winavr/bin/../lib/gcc/avr/4.3.0/../../../../avr/lib/avr5/crtm32.o
                0x0000008e                __vector_12
                0x0000008e                __bad_interrupt
                0x0000008e                __vector_6
                0x0000008e                __vector_3
                0x0000008e                __vector_11
                0x0000008e                __vector_17
                0x0000008e                __vector_19
                0x0000008e                __vector_7
                0x0000008e                __vector_5
                0x0000008e                __vector_4
                0x0000008e                __vector_9
                0x0000008e                __vector_2
                0x0000008e                __vector_15
                0x0000008e                __vector_8
                0x0000008e                __vector_10
                0x0000008e                __vector_16
                0x0000008e                __vector_18
                0x0000008e                __vector_20
 .text          0x00000092      0x12c SMS_Guard.o
                0x00000122                __vector_1
                0x00000092                portsInit
                0x000000fc                statusOk
                0x000000d6                checkStatus
                0x00000114                ints_init
                0x00000146                main
                0x000000a2                statusError
 .text          0x000001be      0x186 uart.o
                0x000002e4                uart_puts
                0x00000312                uart_puts_p
                0x000001be                __vector_13
                0x0000025c                uart_init
                0x00000286                uart_getc
                0x000002c0                uart_putc
                0x00000212                __vector_14
 .text          0x00000344      0x2ba sim900.o
                0x00000370                getCommByte
                0x00000344                simPowerOn
                0x0000052c                copy_command
                0x000004b0                waitForReg
                0x0000051e                init
                0x00000372                sendCRLF
                0x00000380                simDialCall
                0x000003c8                dialCall
                0x00000564                getAnswer
                0x0000046c                sendMessage
                0x000003f2                simSetPhone
                0x0000044a                simSetTextInput
                0x000004e2                simCommInit
                0x000005a2                searchContact
                0x000003ce                simSendMessage
 .text          0x000005fe        0x0 c:/program files/winavr/bin/../lib/gcc/avr/4.3.0/avr5\libgcc.a(_exit.o)
 .text          0x000005fe        0x0 c:/program files/winavr/bin/../lib/gcc/avr/4.3.0/avr5\libgcc.a(_copy_data.o)
 .text          0x000005fe        0x0 c:/program files/winavr/bin/../lib/gcc/avr/4.3.0/avr5\libgcc.a(_clear_bss.o)
 .text          0x000005fe       0x12 c:/program files/winavr/bin/../lib/gcc/avr/4.3.0/../../../../avr/lib/avr5\libc.a(memcpy.o)
                0x000005fe                memcpy
 .text          0x00000610        0xe c:/program files/winavr/bin/../lib/gcc/avr/4.3.0/../../../../avr/lib/avr5\libc.a(memset.o)
                0x00000610                memset
 .text          0x0000061e       0x16 c:/program files/winavr/bin/../lib/gcc/avr/4.3.0/../../../../avr/lib/avr5\libc.a(strcat.o)
                0x0000061e                strcat
                0x00000634                . = ALIGN (0x2)
 *(.text.*)
 .text.libgcc   0x00000634        0x0 c:/program files/winavr/bin/../lib/gcc/avr/4.3.0/avr5\libgcc.a(_exit.o)
 .text.libgcc   0x00000634        0x0 c:/program files/winavr/bin/../lib/gcc/avr/4.3.0/avr5\libgcc.a(_copy_data.o)
 .text.libgcc   0x00000634        0x0 c:/program files/winavr/bin/../lib/gcc/avr/4.3.0/avr5\libgcc.a(_clear_bss.o)
                0x00000634                . = ALIGN (0x2)
 *(.fini9)
 .fini9         0x00000634        0x0 c:/program files/winavr/bin/../lib/gcc/avr/4.3.0/avr5\libgcc.a(_exit.o)
                0x00000634                exit
                0x00000634                _exit
 *(.fini9)
 *(.fini8)
 *(.fini8)
 *(.fini7)
 *(.fini7)
 *(.fini6)
 *(.fini6)
 *(.fini5)
 *(.fini5)
 *(.fini4)
 *(.fini4)
 *(.fini3)
 *(.fini3)
 *(.fini2)
 *(.fini2)
 *(.fini1)
 *(.fini1)
 *(.fini0)
 .fini0         0x00000634        0x4 c:/program files/winavr/bin/../lib/gcc/avr/4.3.0/avr5\libgcc.a(_exit.o)
 *(.fini0)
                0x00000638                _etext = .

.data           0x00800060       0x96 load address 0x00000638
                0x00800060                PROVIDE (__data_start, .)
 *(.data)
 .data          0x00800060        0x0 c:/program files/winavr/bin/../lib/gcc/avr/4.3.0/../../../../avr/lib/avr5/crtm32.o
 .data          0x00800060       0x33 SMS_Guard.o
 .data          0x00800093        0x0 uart.o
 .data          0x00800093       0x63 sim900.o
                0x008000d9                messageSendResp
                0x008000ce                outNetResp
                0x008000ba                successResp
                0x008000c3                inNetResp
                0x008000bd                failResp
 .data          0x008000f6        0x0 c:/program files/winavr/bin/../lib/gcc/avr/4.3.0/avr5\libgcc.a(_exit.o)
 .data          0x008000f6        0x0 c:/program files/winavr/bin/../lib/gcc/avr/4.3.0/avr5\libgcc.a(_copy_data.o)
 .data          0x008000f6        0x0 c:/program files/winavr/bin/../lib/gcc/avr/4.3.0/avr5\libgcc.a(_clear_bss.o)
 .data          0x008000f6        0x0 c:/program files/winavr/bin/../lib/gcc/avr/4.3.0/../../../../avr/lib/avr5\libc.a(memcpy.o)
 .data          0x008000f6        0x0 c:/program files/winavr/bin/../lib/gcc/avr/4.3.0/../../../../avr/lib/avr5\libc.a(memset.o)
 .data          0x008000f6        0x0 c:/program files/winavr/bin/../lib/gcc/avr/4.3.0/../../../../avr/lib/avr5\libc.a(strcat.o)
 *(.data*)
 *(.rodata)
 *(.rodata*)
 *(.gnu.linkonce.d*)
                0x008000f6                . = ALIGN (0x2)
                0x008000f6                _edata = .
                0x008000f6                PROVIDE (__data_end, .)

.bss            0x008000f6       0xa1 load address 0x000006ce
                0x008000f6                PROVIDE (__bss_start, .)
 *(.bss)
 .bss           0x008000f6        0x0 c:/program files/winavr/bin/../lib/gcc/avr/4.3.0/../../../../avr/lib/avr5/crtm32.o
 .bss           0x008000f6        0x1 SMS_Guard.o
                0x008000f6                attentionFlag
 .bss           0x008000f7       0x45 uart.o
 .bss           0x0080013c        0x0 sim900.o
 .bss           0x0080013c        0x0 c:/program files/winavr/bin/../lib/gcc/avr/4.3.0/avr5\libgcc.a(_exit.o)
 .bss           0x0080013c        0x0 c:/program files/winavr/bin/../lib/gcc/avr/4.3.0/avr5\libgcc.a(_copy_data.o)
 .bss           0x0080013c        0x0 c:/program files/winavr/bin/../lib/gcc/avr/4.3.0/avr5\libgcc.a(_clear_bss.o)
 .bss           0x0080013c        0x0 c:/program files/winavr/bin/../lib/gcc/avr/4.3.0/../../../../avr/lib/avr5\libc.a(memcpy.o)
 .bss           0x0080013c        0x0 c:/program files/winavr/bin/../lib/gcc/avr/4.3.0/../../../../avr/lib/avr5\libc.a(memset.o)
 .bss           0x0080013c        0x0 c:/program files/winavr/bin/../lib/gcc/avr/4.3.0/../../../../avr/lib/avr5\libc.a(strcat.o)
 *(.bss*)
 *(COMMON)
 COMMON         0x0080013c        0x1 SMS_Guard.o
                0x0080013c                status
 COMMON         0x0080013d       0x5a sim900.o
                0x0080013d                command_in
                0x0080015b                data_in
                0x00800179                data_out
                0x00800197                PROVIDE (__bss_end, .)
                0x00000638                __data_load_start = LOADADDR (.data)
                0x000006ce                __data_load_end = (__data_load_start + SIZEOF (.data))

.noinit         0x00800197        0x0
                0x00800197                PROVIDE (__noinit_start, .)
 *(.noinit*)
                0x00800197                PROVIDE (__noinit_end, .)
                0x00800197                _end = .
                0x00800197                PROVIDE (__heap_start, .)

.eeprom         0x00810000        0x0
 *(.eeprom*)
                0x00810000                __eeprom_end = .

.fuse
 *(.fuse)
 *(.lfuse)
 *(.hfuse)
 *(.efuse)

.lock
 *(.lock*)

.signature
 *(.signature*)

.stab
 *(.stab)

.stabstr
 *(.stabstr)

.stab.excl
 *(.stab.excl)

.stab.exclstr
 *(.stab.exclstr)

.stab.index
 *(.stab.index)

.stab.indexstr
 *(.stab.indexstr)

.comment
 *(.comment)

.debug
 *(.debug)

.line
 *(.line)

.debug_srcinfo
 *(.debug_srcinfo)

.debug_sfnames
 *(.debug_sfnames)

.debug_aranges  0x00000000       0x60
 *(.debug_aranges)
 .debug_aranges
                0x00000000       0x20 SMS_Guard.o
 .debug_aranges
                0x00000020       0x20 uart.o
 .debug_aranges
                0x00000040       0x20 sim900.o

.debug_pubnames
                0x00000000      0x27b
 *(.debug_pubnames)
 .debug_pubnames
                0x00000000       0x90 SMS_Guard.o
 .debug_pubnames
                0x00000090       0x7a uart.o
 .debug_pubnames
                0x0000010a      0x171 sim900.o

.debug_info     0x00000000      0xf15
 *(.debug_info)
 .debug_info    0x00000000      0x3d1 SMS_Guard.o
 .debug_info    0x000003d1      0x322 uart.o
 .debug_info    0x000006f3      0x822 sim900.o
 *(.gnu.linkonce.wi.*)

.debug_abbrev   0x00000000      0x5a2
 *(.debug_abbrev)
 .debug_abbrev  0x00000000      0x1d3 SMS_Guard.o
 .debug_abbrev  0x000001d3      0x1a9 uart.o
 .debug_abbrev  0x0000037c      0x226 sim900.o

.debug_line     0x00000000      0xa8f
 *(.debug_line)
 .debug_line    0x00000000      0x323 SMS_Guard.o
 .debug_line    0x00000323      0x27d uart.o
 .debug_line    0x000005a0      0x4ef sim900.o

.debug_frame    0x00000000      0x200
 *(.debug_frame)
 .debug_frame   0x00000000       0x80 SMS_Guard.o
 .debug_frame   0x00000080       0x80 uart.o
 .debug_frame   0x00000100      0x100 sim900.o

.debug_str      0x00000000      0x38b
 *(.debug_str)
 .debug_str     0x00000000      0x107 SMS_Guard.o
                                0x13b (size before relaxing)
 .debug_str     0x00000107       0xfb uart.o
                                0x198 (size before relaxing)
 .debug_str     0x00000202      0x189 sim900.o
                                0x272 (size before relaxing)

.debug_loc      0x00000000      0x51a
 *(.debug_loc)
 .debug_loc     0x00000000      0x118 SMS_Guard.o
 .debug_loc     0x00000118      0x146 uart.o
 .debug_loc     0x0000025e      0x2bc sim900.o

.debug_macinfo
 *(.debug_macinfo)
OUTPUT(SMS_Guard.elf elf32-avr)
LOAD linker stubs

.debug_ranges   0x00000000       0x78
 .debug_ranges  0x00000000       0x48 SMS_Guard.o
 .debug_ranges  0x00000048       0x30 uart.o
